// Vitest Snapshot v1, https://vitest.dev/guide/snapshot.html

exports[`Login > matches the snapshot 1`] = `
<DocumentFragment>
  <div
    class="login-container"
  >
    <div
      class="login-box"
    >
      <img
        alt="OrderIn"
        class="orderin-logo"
        src="/OrderIn.png"
      />
      <div
        class="input-wrapper"
      >
        <div
          class="name-icon-wrapper"
        >
          <span
            class="name-input-icon"
          >
            🙍‍♂️
          </span>
        </div>
        <input
          class="name-input"
          placeholder="Enter your name"
          type="text"
          value=""
        />
      </div>
      <div
        class="phone-input-container"
      >
        <div
          class="country-code-wrapper"
        >
          <input
            class="country-code-selector"
            placeholder="+91"
            type="text"
            value="+91"
          />
        </div>
        <input
          class="phone-input"
          placeholder="Enter phone number"
          type="tel"
          value=""
        />
      </div>
      <button
        class="login-btn"
        disabled=""
        style="background: rgb(204, 204, 204); cursor: not-allowed;"
      >
        Checking status...
      </button>
    </div>
  </div>
</DocumentFragment>
`;
