// Vitest Snapshot v1, https://vitest.dev/guide/snapshot.html

exports[`Receipt > matches the snapshot 1`] = `
<DocumentFragment>
  <div
    class="receipt"
    id="print-receipt"
  >
    <div
      class="receipt-center"
    >
      <div
        class="receipt-title"
      >
        Restaurant
      </div>
      <div
        class="receipt-sub"
      />
    </div>
    <div
      class="receipt-divider"
    />
    <div
      class="receipt-row"
    >
      <span>
        Invoice
      </span>
      <span>
        INV-1001
      </span>
    </div>
    <div
      class="receipt-row"
    >
      <span>
        Order
      </span>
      <span>
        ORD-1001
      </span>
    </div>
    <div
      class="receipt-row"
    >
      <span>
        Date
      </span>
      <span>
        01/02/2026, 15:30:00
      </span>
    </div>
    <div
      class="receipt-row"
    >
      <span>
        Type
      </span>
      <span>
        dine-in · T4
      </span>
    </div>
    <div
      class="receipt-row"
    >
      <span>
        Cashier
      </span>
      <span>
        Asha
      </span>
    </div>
    <div
      class="receipt-divider"
    />
    <div
      class="receipt-item"
    >
      <div
        class="receipt-row"
      >
        <span>
          Dosa × 2
        </span>
        <span>
          ₹120.00
        </span>
      </div>
    </div>
    <div
      class="receipt-item"
    >
      <div
        class="receipt-row"
      >
        <span>
          Coffee × 1
        </span>
        <span>
          ₹40.00
        </span>
      </div>
      <div
        class="receipt-note"
      >
        Note: less sugar
      </div>
    </div>
    <div
      class="receipt-divider"
    />
    <div
      class="receipt-row"
    >
      <span>
        Subtotal
      </span>
      <span>
        ₹160.00
      </span>
    </div>
    <div
      class="receipt-row"
    >
      <span>
        Discount
      </span>
      <span>
        -₹0.00
      </span>
    </div>
    <div
      class="receipt-row"
    >
      <span>
        Tax
      </span>
      <span>
        ₹8.00
      </span>
    </div>
    <div
      class="receipt-divider"
    />
    <div
      class="receipt-row receipt-total"
    >
      <span>
        TOTAL
      </span>
      <span>
        ₹168.00
      </span>
    </div>
    <div
      class="receipt-row"
    >
      <span>
        Payment
      </span>
      <span>
        cash
      </span>
    </div>
    <div
      class="receipt-divider"
    />
    <div
      class="receipt-center receipt-footer"
    >
      Thank you!
    </div>
  </div>
</DocumentFragment>
`;
