// Vitest Snapshot v1, https://vitest.dev/guide/snapshot.html

exports[`SettingsPage > matches the snapshot 1`] = `
<DocumentFragment>
  <div
    data-testid="app-layout"
  >
    <div
      style="display: flex; flex-direction: column; gap: 2rem; max-width: 900px;"
    >
      <div
        style="background: linear-gradient(135deg, rgb(168, 85, 247) 0%, rgb(236, 72, 153) 50%, rgb(249, 115, 22) 100%); border-radius: 1.5rem; padding: 2rem; color: white; box-shadow: 0 20px 25px -5px rgba(0, 0, 0, 0.2); animation: slideInUp 0.6s ease;"
      >
        <h1
          style="font-size: 2.25rem; font-weight: 900;"
        >
          Settings
        </h1>
        <p
          style="color: rgba(255, 255, 255, 0.9); margin-top: 0.5rem; font-size: 1.125rem;"
        >
          Manage admin settings and preferences
        </p>
      </div>
      <div
        style="display: flex; flex-direction: column; gap: 2rem;"
      >
        <div
          class="card"
          style="animation: slideInUp 0.7s ease;"
        >
          <h2
            style="font-size: 1.125rem; font-weight: 700; color: rgb(241, 245, 249); margin-bottom: 1rem;"
          >
            Account Settings
          </h2>
          <div
            style="display: flex; flex-direction: column; gap: 1rem;"
          >
            <div>
              <label
                style="display: block; font-size: 0.875rem; font-weight: 500; color: rgb(203, 213, 225); margin-bottom: 0.5rem;"
              >
                Email Address
              </label>
              <input
                style="width: 100%; padding: 0.75rem 1rem; border: 1px solid rgba(6, 182, 212, 0.3); border-radius: 0.75rem; background: rgba(30, 27, 75, 0.5); color: rgb(241, 245, 249); font-size: 1rem; transition: all 0.3s ease; outline: none;"
                type="email"
                value="admin@orderin.com"
              />
            </div>
            <div>
              <label
                style="display: block; font-size: 0.875rem; font-weight: 500; color: rgb(203, 213, 225); margin-bottom: 0.5rem;"
              >
                Full Name
              </label>
              <input
                style="width: 100%; padding: 0.75rem 1rem; border: 1px solid rgba(6, 182, 212, 0.3); border-radius: 0.75rem; background: rgba(30, 27, 75, 0.5); color: rgb(241, 245, 249); font-size: 1rem; transition: all 0.3s ease; outline: none;"
                type="text"
                value="Admin User"
              />
            </div>
            <button
              style="padding: 0.75rem 1.5rem; background: linear-gradient(135deg, rgb(6, 182, 212) 0%, rgb(168, 85, 247) 100%); color: white; border-radius: 0.75rem; border: medium; cursor: pointer; font-weight: 600; transition: all 0.3s ease; box-shadow: 0 4px 15px rgba(6, 182, 212, 0.3);"
            >
              Save Changes
            </button>
          </div>
        </div>
        <div
          class="card"
          style="animation: slideInUp 0.8s ease;"
        >
          <h2
            style="font-size: 1.125rem; font-weight: 700; color: rgb(241, 245, 249); margin-bottom: 1rem; display: flex; align-items: center; gap: 0.5rem;"
          >
            <svg
              aria-hidden="true"
              class="lucide lucide-lock"
              fill="none"
              height="20"
              stroke="currentColor"
              stroke-linecap="round"
              stroke-linejoin="round"
              stroke-width="2"
              viewBox="0 0 24 24"
              width="20"
              xmlns="http://www.w3.org/2000/svg"
            >
              <rect
                height="11"
                rx="2"
                ry="2"
                width="18"
                x="3"
                y="11"
              />
              <path
                d="M7 11V7a5 5 0 0 1 10 0v4"
              />
            </svg>
            Security
          </h2>
          <div
            style="display: flex; flex-direction: column; gap: 1rem;"
          >
            <button
              style="text-align: left; padding: 0.75rem 1rem; border: 1px solid rgba(6, 182, 212, 0.2); border-radius: 0.75rem; background: transparent; cursor: pointer; display: flex; align-items: center; justify-content: space-between; transition: all 0.2s ease; color: rgb(203, 213, 225); font-weight: 500;"
            >
              <span>
                Change Password
              </span>
              <span>
                &gt;
              </span>
            </button>
            <button
              style="text-align: left; padding: 0.75rem 1rem; border: 1px solid rgba(6, 182, 212, 0.2); border-radius: 0.75rem; background: transparent; cursor: pointer; display: flex; align-items: center; justify-content: space-between; transition: all 0.2s ease; color: rgb(203, 213, 225); font-weight: 500;"
            >
              <span>
                Two-Factor Authentication
              </span>
              <span>
                &gt;
              </span>
            </button>
          </div>
        </div>
        <div
          class="card"
          style="animation: slideInUp 0.9s ease;"
        >
          <h2
            style="font-size: 1.125rem; font-weight: 700; color: rgb(241, 245, 249); margin-bottom: 1rem; display: flex; align-items: center; gap: 0.5rem;"
          >
            <svg
              aria-hidden="true"
              class="lucide lucide-bell"
              fill="none"
              height="20"
              stroke="currentColor"
              stroke-linecap="round"
              stroke-linejoin="round"
              stroke-width="2"
              viewBox="0 0 24 24"
              width="20"
              xmlns="http://www.w3.org/2000/svg"
            >
              <path
                d="M10.268 21a2 2 0 0 0 3.464 0"
              />
              <path
                d="M3.262 15.326A1 1 0 0 0 4 17h16a1 1 0 0 0 .74-1.673C19.41 13.956 18 12.499 18 8A6 6 0 0 0 6 8c0 4.499-1.411 5.956-2.738 7.326"
              />
            </svg>
            Notifications
          </h2>
          <div
            style="display: flex; flex-direction: column; gap: 1rem;"
          >
            <label
              style="display: flex; align-items: center; gap: 0.75rem; cursor: pointer;"
            >
              <input
                checked=""
                style="cursor: pointer; accent-color: #06b6d4;"
                type="checkbox"
              />
              <span
                style="color: rgb(203, 213, 225);"
              >
                Email notifications for new settlements
              </span>
            </label>
            <label
              style="display: flex; align-items: center; gap: 0.75rem; cursor: pointer;"
            >
              <input
                checked=""
                style="cursor: pointer; accent-color: #06b6d4;"
                type="checkbox"
              />
              <span
                style="color: rgb(203, 213, 225);"
              >
                Alert for failed transactions
              </span>
            </label>
            <label
              style="display: flex; align-items: center; gap: 0.75rem; cursor: pointer;"
            >
              <input
                checked=""
                style="cursor: pointer; accent-color: #06b6d4;"
                type="checkbox"
              />
              <span
                style="color: rgb(203, 213, 225);"
              >
                Weekly summary reports
              </span>
            </label>
            <label
              style="display: flex; align-items: center; gap: 0.75rem; cursor: pointer;"
            >
              <input
                checked=""
                style="cursor: pointer; accent-color: #06b6d4;"
                type="checkbox"
              />
              <span
                style="color: rgb(203, 213, 225);"
              >
                Payment gateway alerts
              </span>
            </label>
          </div>
        </div>
        <div
          class="card"
          style="animation: slideInUp 1s ease;"
        >
          <h2
            style="font-size: 1.125rem; font-weight: 700; color: rgb(241, 245, 249); margin-bottom: 1rem; display: flex; align-items: center; gap: 0.5rem;"
          >
            <svg
              aria-hidden="true"
              class="lucide lucide-eye"
              fill="none"
              height="20"
              stroke="currentColor"
              stroke-linecap="round"
              stroke-linejoin="round"
              stroke-width="2"
              viewBox="0 0 24 24"
              width="20"
              xmlns="http://www.w3.org/2000/svg"
            >
              <path
                d="M2.062 12.348a1 1 0 0 1 0-.696 10.75 10.75 0 0 1 19.876 0 1 1 0 0 1 0 .696 10.75 10.75 0 0 1-19.876 0"
              />
              <circle
                cx="12"
                cy="12"
                r="3"
              />
            </svg>
            Data & Privacy
          </h2>
          <div
            style="display: flex; flex-direction: column; gap: 1rem;"
          >
            <button
              style="text-align: left; padding: 0.75rem 1rem; border: 1px solid rgba(6, 182, 212, 0.2); border-radius: 0.75rem; background: rgba(6, 182, 212, 0.067); cursor: pointer; display: flex; align-items: center; justify-content: space-between; transition: all 0.2s ease; color: rgb(6, 182, 212); font-weight: 500;"
            >
              <span>
                Export My Data
              </span>
              <span>
                &gt;
              </span>
            </button>
            <button
              style="text-align: left; padding: 0.75rem 1rem; border: 1px solid rgba(239, 68, 68, 0.2); border-radius: 0.75rem; background: rgba(239, 68, 68, 0.067); cursor: pointer; display: flex; align-items: center; justify-content: space-between; transition: all 0.2s ease; color: rgb(239, 68, 68); font-weight: 500;"
            >
              <span>
                Delete Account
              </span>
              <span>
                &gt;
              </span>
            </button>
          </div>
        </div>
      </div>
    </div>
  </div>
</DocumentFragment>
`;
