// Vitest Snapshot v1, https://vitest.dev/guide/snapshot.html

exports[`Dashboard > matches the snapshot 1`] = `
<DocumentFragment>
  <div
    class="dash-page"
  >
    <div
      class="dash-wrap"
    >
      <header
        class="dash-header"
      >
        <div
          class="dash-heading"
        >
          <h1>
            Welcome To the Dashboard, Manager 
            <span
              class="wave"
            >
              👋
            </span>
          </h1>
          <p>
            Here's an overview of your restaurant operations.
          </p>
        </div>
        <div
          class="dash-clock"
        >
          <svg
            aria-hidden="true"
            class="lucide lucide-calendar-days dash-clock-icon"
            fill="none"
            height="18"
            stroke="currentColor"
            stroke-linecap="round"
            stroke-linejoin="round"
            stroke-width="2"
            viewBox="0 0 24 24"
            width="18"
            xmlns="http://www.w3.org/2000/svg"
          >
            <path
              d="M8 2v4"
            />
            <path
              d="M16 2v4"
            />
            <rect
              height="18"
              rx="2"
              width="18"
              x="3"
              y="4"
            />
            <path
              d="M3 10h18"
            />
            <path
              d="M8 14h.01"
            />
            <path
              d="M12 14h.01"
            />
            <path
              d="M16 14h.01"
            />
            <path
              d="M8 18h.01"
            />
            <path
              d="M12 18h.01"
            />
            <path
              d="M16 18h.01"
            />
          </svg>
          <div
            class="dash-clock-text"
          >
            <span
              class="dash-clock-date"
            >
              Sunday, 1 February 2026
            </span>
            <span
              class="dash-clock-time"
            >
              15:00
            </span>
          </div>
        </div>
      </header>
      <section
        class="stats-grid"
      >
        <div
          class="stat-card"
        >
          <div
            class="stat-icon stat-revenue"
          >
            <svg
              aria-hidden="true"
              class="lucide lucide-dollar-sign"
              fill="none"
              height="22"
              stroke="currentColor"
              stroke-linecap="round"
              stroke-linejoin="round"
              stroke-width="2"
              viewBox="0 0 24 24"
              width="22"
              xmlns="http://www.w3.org/2000/svg"
            >
              <line
                x1="12"
                x2="12"
                y1="2"
                y2="22"
              />
              <path
                d="M17 5H9.5a3.5 3.5 0 0 0 0 7h5a3.5 3.5 0 0 1 0 7H6"
              />
            </svg>
          </div>
          <div
            class="stat-body"
          >
            <span
              class="stat-label"
            >
              Today's Revenue
            </span>
            <span
              class="stat-value"
            >
              ₹1234.50
            </span>
            <span
              class="stat-delta stat-delta-up"
            >
              <strong>
                Live
              </strong>
               Today's earnings
            </span>
          </div>
        </div>
        <div
          class="stat-card"
        >
          <div
            class="stat-icon stat-orders"
          >
            <svg
              aria-hidden="true"
              class="lucide lucide-shopping-cart"
              fill="none"
              height="22"
              stroke="currentColor"
              stroke-linecap="round"
              stroke-linejoin="round"
              stroke-width="2"
              viewBox="0 0 24 24"
              width="22"
              xmlns="http://www.w3.org/2000/svg"
            >
              <circle
                cx="8"
                cy="21"
                r="1"
              />
              <circle
                cx="19"
                cy="21"
                r="1"
              />
              <path
                d="M2.05 2.05h2l2.66 12.42a2 2 0 0 0 2 1.58h9.78a2 2 0 0 0 1.95-1.57l1.65-7.43H5.12"
              />
            </svg>
          </div>
          <div
            class="stat-body"
          >
            <span
              class="stat-label"
            >
              Orders Today
            </span>
            <span
              class="stat-value"
            >
              7
            </span>
            <span
              class="stat-delta stat-delta-up"
            >
              <strong>
                Live
              </strong>
               Orders received
            </span>
          </div>
        </div>
        <div
          class="stat-card"
        >
          <div
            class="stat-icon stat-customers"
          >
            <svg
              aria-hidden="true"
              class="lucide lucide-users"
              fill="none"
              height="22"
              stroke="currentColor"
              stroke-linecap="round"
              stroke-linejoin="round"
              stroke-width="2"
              viewBox="0 0 24 24"
              width="22"
              xmlns="http://www.w3.org/2000/svg"
            >
              <path
                d="M16 21v-2a4 4 0 0 0-4-4H6a4 4 0 0 0-4 4v2"
              />
              <path
                d="M16 3.128a4 4 0 0 1 0 7.744"
              />
              <path
                d="M22 21v-2a4 4 0 0 0-3-3.87"
              />
              <circle
                cx="9"
                cy="7"
                r="4"
              />
            </svg>
          </div>
          <div
            class="stat-body"
          >
            <span
              class="stat-label"
            >
              Customers Today
            </span>
            <span
              class="stat-value"
            >
              5
            </span>
            <span
              class="stat-delta stat-delta-up"
            >
              <strong>
                Live
              </strong>
               Customers served
            </span>
          </div>
        </div>
        <div
          class="stat-card"
        >
          <div
            class="stat-icon stat-tables"
          >
            <svg
              aria-hidden="true"
              class="lucide lucide-layout-grid"
              fill="none"
              height="22"
              stroke="currentColor"
              stroke-linecap="round"
              stroke-linejoin="round"
              stroke-width="2"
              viewBox="0 0 24 24"
              width="22"
              xmlns="http://www.w3.org/2000/svg"
            >
              <rect
                height="7"
                rx="1"
                width="7"
                x="3"
                y="3"
              />
              <rect
                height="7"
                rx="1"
                width="7"
                x="14"
                y="3"
              />
              <rect
                height="7"
                rx="1"
                width="7"
                x="14"
                y="14"
              />
              <rect
                height="7"
                rx="1"
                width="7"
                x="3"
                y="14"
              />
            </svg>
          </div>
          <div
            class="stat-body"
          >
            <span
              class="stat-label"
            >
              Tables Occupied
            </span>
            <span
              class="stat-value"
            >
              10/25
            </span>
            <span
              class="stat-delta stat-delta-neutral"
            >
              <strong>
                40%
              </strong>
               Occupancy
            </span>
          </div>
        </div>
      </section>
      <section
        class="cards-grid"
      >
        <div
          class="action-card"
        >
          <div
            class="action-icon card-menu"
          >
            <svg
              aria-hidden="true"
              class="lucide lucide-utensils"
              fill="none"
              height="26"
              stroke="currentColor"
              stroke-linecap="round"
              stroke-linejoin="round"
              stroke-width="2"
              viewBox="0 0 24 24"
              width="26"
              xmlns="http://www.w3.org/2000/svg"
            >
              <path
                d="M3 2v7c0 1.1.9 2 2 2h4a2 2 0 0 0 2-2V2"
              />
              <path
                d="M7 2v20"
              />
              <path
                d="M21 15V2a5 5 0 0 0-5 5v6c0 1.1.9 2 2 2h3Zm0 0v7"
              />
            </svg>
          </div>
          <h3>
            Menu
          </h3>
          <p>
            Keep dishes, categories, and promotions updated.
          </p>
          <button>
            Open
          </button>
        </div>
        <div
          class="action-card"
        >
          <div
            class="action-icon card-finance"
          >
            <svg
              aria-hidden="true"
              class="lucide lucide-receipt-text"
              fill="none"
              height="26"
              stroke="currentColor"
              stroke-linecap="round"
              stroke-linejoin="round"
              stroke-width="2"
              viewBox="0 0 24 24"
              width="26"
              xmlns="http://www.w3.org/2000/svg"
            >
              <path
                d="M13 16H8"
              />
              <path
                d="M14 8H8"
              />
              <path
                d="M16 12H8"
              />
              <path
                d="M4 3a1 1 0 0 1 1-1 1.3 1.3 0 0 1 .7.2l.933.6a1.3 1.3 0 0 0 1.4 0l.934-.6a1.3 1.3 0 0 1 1.4 0l.933.6a1.3 1.3 0 0 0 1.4 0l.933-.6a1.3 1.3 0 0 1 1.4 0l.934.6a1.3 1.3 0 0 0 1.4 0l.933-.6A1.3 1.3 0 0 1 19 2a1 1 0 0 1 1 1v18a1 1 0 0 1-1 1 1.3 1.3 0 0 1-.7-.2l-.933-.6a1.3 1.3 0 0 0-1.4 0l-.934.6a1.3 1.3 0 0 1-1.4 0l-.933-.6a1.3 1.3 0 0 0-1.4 0l-.933.6a1.3 1.3 0 0 1-1.4 0l-.934-.6a1.3 1.3 0 0 0-1.4 0l-.933.6a1.3 1.3 0 0 1-.7.2 1 1 0 0 1-1-1z"
              />
            </svg>
          </div>
          <h3>
            Financial
          </h3>
          <p>
            Handle transactions, generate bills, and access reports.
          </p>
          <button>
            Open
          </button>
        </div>
        <div
          class="action-card"
        >
          <div
            class="action-icon card-orders"
          >
            <svg
              aria-hidden="true"
              class="lucide lucide-clipboard-list"
              fill="none"
              height="26"
              stroke="currentColor"
              stroke-linecap="round"
              stroke-linejoin="round"
              stroke-width="2"
              viewBox="0 0 24 24"
              width="26"
              xmlns="http://www.w3.org/2000/svg"
            >
              <rect
                height="4"
                rx="1"
                ry="1"
                width="8"
                x="8"
                y="2"
              />
              <path
                d="M16 4h2a2 2 0 0 1 2 2v14a2 2 0 0 1-2 2H6a2 2 0 0 1-2-2V6a2 2 0 0 1 2-2h2"
              />
              <path
                d="M12 11h4"
              />
              <path
                d="M12 16h4"
              />
              <path
                d="M8 11h.01"
              />
              <path
                d="M8 16h.01"
              />
            </svg>
          </div>
          <h3>
            Orders
          </h3>
          <p>
            Track live orders and view history in real time.
          </p>
          <button>
            Open
          </button>
        </div>
        <div
          class="action-card"
        >
          <div
            class="action-icon card-inventory"
          >
            <svg
              aria-hidden="true"
              class="lucide lucide-package-search"
              fill="none"
              height="26"
              stroke="currentColor"
              stroke-linecap="round"
              stroke-linejoin="round"
              stroke-width="2"
              viewBox="0 0 24 24"
              width="26"
              xmlns="http://www.w3.org/2000/svg"
            >
              <path
                d="M21 10V8a2 2 0 0 0-1-1.73l-7-4a2 2 0 0 0-2 0l-7 4A2 2 0 0 0 3 8v8a2 2 0 0 0 1 1.73l7 4a2 2 0 0 0 2 0l2-1.14"
              />
              <path
                d="m7.5 4.27 9 5.15"
              />
              <polyline
                points="3.29 7 12 12 20.71 7"
              />
              <line
                x1="12"
                x2="12"
                y1="22"
                y2="12"
              />
              <circle
                cx="18.5"
                cy="15.5"
                r="2.5"
              />
              <path
                d="M20.27 17.27 22 19"
              />
            </svg>
          </div>
          <h3>
            Inventory
          </h3>
          <p>
            Monitor stock levels and receive low-stock alerts.
          </p>
          <button>
            Open
          </button>
        </div>
      </section>
      <footer
        class="dash-footer"
      >
        <span
          class="dash-footer-item"
        >
          <svg
            aria-hidden="true"
            class="lucide lucide-circle-question-mark"
            fill="none"
            height="16"
            stroke="currentColor"
            stroke-linecap="round"
            stroke-linejoin="round"
            stroke-width="2"
            viewBox="0 0 24 24"
            width="16"
            xmlns="http://www.w3.org/2000/svg"
          >
            <circle
              cx="12"
              cy="12"
              r="10"
            />
            <path
              d="M9.09 9a3 3 0 0 1 5.83 1c0 2-3 3-3 3"
            />
            <path
              d="M12 17h.01"
            />
          </svg>
          Need help? Contact PurnVasu for queries
        </span>
        <span
          class="dash-footer-item"
        >
          <svg
            aria-hidden="true"
            class="lucide lucide-mail"
            fill="none"
            height="16"
            stroke="currentColor"
            stroke-linecap="round"
            stroke-linejoin="round"
            stroke-width="2"
            viewBox="0 0 24 24"
            width="16"
            xmlns="http://www.w3.org/2000/svg"
          >
            <path
              d="m22 7-8.991 5.727a2 2 0 0 1-2.009 0L2 7"
            />
            <rect
              height="16"
              rx="2"
              width="20"
              x="2"
              y="4"
            />
          </svg>
          OrderIn.vap@gmail.com
        </span>
      </footer>
    </div>
  </div>
</DocumentFragment>
`;
