// Vitest Snapshot v1, https://vitest.dev/guide/snapshot.html

exports[`Orders > matches the snapshot with orders loaded 1`] = `
<DocumentFragment>
  <div
    class="orders-page "
  >
    <div
      class="pagehead"
    >
      <div>
        <h1
          class="page-h1"
        >
          Total Orders
        </h1>
        <div
          class="page-sub"
        >
          All orders from the last 24 hours
        </div>
      </div>
      <button
        class="back-btn"
      >
        ← Back to Dashboard
      </button>
    </div>
    <div
      class="stats-strip"
    >
      <button
        aria-pressed="true"
        class="statc on"
        style="--sc: #ef4444;"
      >
        <div
          class="statc-top"
        >
          <span
            class="statc-ic"
          >
            <svg
              fill="none"
              height="16"
              stroke="currentColor"
              stroke-width="2"
              viewBox="0 0 24 24"
              width="16"
            >
              <rect
                height="5"
                rx="1"
                width="18"
                x="3"
                y="4"
              />
              <rect
                height="5"
                rx="1"
                width="18"
                x="3"
                y="10"
              />
              <rect
                height="4"
                rx="1"
                width="18"
                x="3"
                y="16"
              />
            </svg>
          </span>
          <span
            class="statc-lbl"
          >
            Total Orders
          </span>
        </div>
        <div
          class="statc-n"
        >
          2
        </div>
        <div
          class="statc-cap"
        >
          Last 24 hours
        </div>
      </button>
      <button
        aria-pressed="false"
        class="statc "
        style="--sc: #2F6FB0;"
      >
        <div
          class="statc-top"
        >
          <span
            class="statc-ic"
          >
            <svg
              fill="none"
              height="16"
              stroke="currentColor"
              stroke-width="2"
              viewBox="0 0 24 24"
              width="16"
            >
              <rect
                height="5"
                rx="1"
                width="18"
                x="3"
                y="4"
              />
              <rect
                height="5"
                rx="1"
                width="18"
                x="3"
                y="10"
              />
              <rect
                height="4"
                rx="1"
                width="18"
                x="3"
                y="16"
              />
            </svg>
          </span>
          <span
            class="statc-lbl"
          >
            Queued
          </span>
        </div>
        <div
          class="statc-n"
        >
          0
        </div>
        <div
          class="statc-cap"
        >
          Awaiting acceptance
        </div>
      </button>
      <button
        aria-pressed="false"
        class="statc "
        style="--sc: #B5823F;"
      >
        <div
          class="statc-top"
        >
          <span
            class="statc-ic"
          >
            <svg
              fill="none"
              height="16"
              stroke="currentColor"
              stroke-width="2"
              viewBox="0 0 24 24"
              width="16"
            >
              <rect
                height="5"
                rx="1"
                width="18"
                x="3"
                y="4"
              />
              <rect
                height="5"
                rx="1"
                width="18"
                x="3"
                y="10"
              />
              <rect
                height="4"
                rx="1"
                width="18"
                x="3"
                y="16"
              />
            </svg>
          </span>
          <span
            class="statc-lbl"
          >
            Active
          </span>
        </div>
        <div
          class="statc-n"
        >
          1
        </div>
        <div
          class="statc-cap"
        >
          In the kitchen
        </div>
      </button>
      <button
        aria-pressed="false"
        class="statc "
        style="--sc: #3FA34D;"
      >
        <div
          class="statc-top"
        >
          <span
            class="statc-ic"
          >
            <svg
              fill="none"
              height="16"
              stroke="currentColor"
              stroke-width="2"
              viewBox="0 0 24 24"
              width="16"
            >
              <rect
                height="5"
                rx="1"
                width="18"
                x="3"
                y="4"
              />
              <rect
                height="5"
                rx="1"
                width="18"
                x="3"
                y="10"
              />
              <rect
                height="4"
                rx="1"
                width="18"
                x="3"
                y="16"
              />
            </svg>
          </span>
          <span
            class="statc-lbl"
          >
            Served
          </span>
        </div>
        <div
          class="statc-n"
        >
          1
        </div>
        <div
          class="statc-cap"
        >
          Delivered today
        </div>
      </button>
      <button
        aria-pressed="false"
        class="statc "
        style="--sc: #D2691E;"
      >
        <div
          class="statc-top"
        >
          <span
            class="statc-ic"
          >
            <svg
              fill="none"
              height="16"
              stroke="currentColor"
              stroke-width="2"
              viewBox="0 0 24 24"
              width="16"
            >
              <rect
                height="5"
                rx="1"
                width="18"
                x="3"
                y="4"
              />
              <rect
                height="5"
                rx="1"
                width="18"
                x="3"
                y="10"
              />
              <rect
                height="4"
                rx="1"
                width="18"
                x="3"
                y="16"
              />
            </svg>
          </span>
          <span
            class="statc-lbl"
          >
            Large Orders
          </span>
        </div>
        <div
          class="statc-n"
        >
          0
        </div>
        <div
          class="statc-cap"
        >
          5+ items
        </div>
      </button>
    </div>
    <div
      class="toolbar"
    >
      <div
        class="viewtoggle"
      >
        <button
          aria-pressed="true"
          class="on"
        >
          <svg
            fill="none"
            height="15"
            stroke="currentColor"
            stroke-width="2"
            viewBox="0 0 24 24"
            width="15"
          >
            <line
              x1="8"
              x2="21"
              y1="6"
              y2="6"
            />
            <line
              x1="8"
              x2="21"
              y1="12"
              y2="12"
            />
            <line
              x1="8"
              x2="21"
              y1="18"
              y2="18"
            />
            <line
              x1="3"
              x2="3.01"
              y1="6"
              y2="6"
            />
            <line
              x1="3"
              x2="3.01"
              y1="12"
              y2="12"
            />
            <line
              x1="3"
              x2="3.01"
              y1="18"
              y2="18"
            />
          </svg>
          List
        </button>
        <button
          aria-pressed="false"
          class=""
        >
          <svg
            fill="none"
            height="15"
            stroke="currentColor"
            stroke-width="2"
            viewBox="0 0 24 24"
            width="15"
          >
            <rect
              height="18"
              rx="1"
              width="6"
              x="3"
              y="3"
            />
            <rect
              height="12"
              rx="1"
              width="6"
              x="10.5"
              y="3"
            />
            <rect
              height="16"
              rx="1"
              width="3"
              x="18"
              y="3"
            />
          </svg>
          Board
        </button>
      </div>
      <div
        class="search"
      >
        <span
          aria-hidden="true"
          class="search-icon"
        >
          <svg
            fill="none"
            height="16"
            viewBox="0 0 24 24"
            width="16"
          >
            <circle
              cx="11"
              cy="11"
              r="6"
              stroke="currentColor"
              stroke-width="2"
            />
            <path
              d="M21 21l-4.35-4.35"
              stroke="currentColor"
              stroke-linecap="round"
              stroke-width="2"
            />
          </svg>
        </span>
        <input
          placeholder="Search items, customer, or phone"
          value=""
        />
      </div>
      <div
        class="tb-spacer"
      />
      <div
        aria-label="Row density"
        class="density"
        role="group"
      >
        <button
          aria-pressed="true"
          class="on"
        >
          Comfortable
        </button>
        <button
          aria-pressed="false"
          class=""
        >
          Compact
        </button>
      </div>
      <select
        aria-label="Sort orders"
        class="sort"
      >
        <option
          value="new"
        >
          Newest first
        </option>
        <option
          value="old"
        >
          Oldest first
        </option>
        <option
          value="high"
        >
          Amount: high → low
        </option>
        <option
          value="low"
        >
          Amount: low → high
        </option>
      </select>
      <button
        class="all-orders-btn"
      >
        All Orders
      </button>
      <button
        class="manual-order-btn"
      >
        + Manual Order
      </button>
    </div>
    <div
      class="orders-panel "
    >
      <div
        class="tbl-head"
      >
        <span>
          Order
        </span>
        <span>
          Customer
        </span>
        <span>
          Items
        </span>
        <span>
          Status
        </span>
        <span
          class="th-time"
        >
          Time
        </span>
      </div>
      <div
        class="scrollzone"
      >
        <div
          class="orow"
        >
          <div
            class="cell"
          >
            <span
              class="cell-label"
            >
              Order
            </span>
            <div
              class="oid"
              title="ORD-1"
            >
              ORD-1
            </div>
          </div>
          <div
            class="cell cust"
          >
            <span
              class="cell-label"
            >
              Customer
            </span>
            <div
              class="cust-name"
            >
              Asha
            </div>
            <div
              class="cust-meta"
            >
              Table 
              <b>
                4
              </b>
               · 999
            </div>
          </div>
          <div
            class="cell"
          >
            <span
              class="cell-label"
            >
              Items
            </span>
            <div
              class="oitems "
            >
              <div
                class="oitems-summary"
                role="button"
                tabindex="0"
              >
                <span
                  class="oitems-lead"
                >
                  2× Dosa
                </span>
                <span
                  class="oitems-qty"
                >
                  · 2 qty
                </span>
                <svg
                  class="oitems-chev"
                  fill="none"
                  height="14"
                  stroke="currentColor"
                  stroke-width="2.4"
                  viewBox="0 0 24 24"
                  width="14"
                >
                  <path
                    d="M9 18l6-6-6-6"
                  />
                </svg>
              </div>
              <div
                class="oitems-detail"
              >
                <div
                  class="oitems-li"
                >
                  <span
                    class="q"
                  >
                    2×
                  </span>
                  <span
                    class="nm"
                  >
                    Dosa
                  </span>
                </div>
              </div>
              <button
                class="items-list-btn"
              >
                Items List
              </button>
            </div>
          </div>
          <div
            class="cell"
          >
            <span
              class="cell-label"
            >
              Status
            </span>
            <button
              class="pill preparing "
              type="button"
            >
              <span
                class="pill-dot"
              />
              Preparing
            </button>
          </div>
          <div
            class="cell otime"
          >
            <span
              class="cell-label"
            >
              Time
            </span>
            12:00 PM
          </div>
        </div>
        <div
          class="orow"
        >
          <div
            class="cell"
          >
            <span
              class="cell-label"
            >
              Order
            </span>
            <div
              class="oid"
              title="ORD-2"
            >
              ORD-2
            </div>
          </div>
          <div
            class="cell cust"
          >
            <span
              class="cell-label"
            >
              Customer
            </span>
            <div
              class="cust-name"
            >
              Ravi
            </div>
            <div
              class="cust-meta"
            >
              Table 
              <b>
                7
              </b>
               · 888
            </div>
          </div>
          <div
            class="cell"
          >
            <span
              class="cell-label"
            >
              Items
            </span>
            <div
              class="oitems "
            >
              <div
                class="oitems-summary"
                role="button"
                tabindex="0"
              >
                <span
                  class="oitems-lead"
                >
                  1× Idli
                </span>
                <span
                  class="oitems-qty"
                >
                  · 1 qty
                </span>
                <svg
                  class="oitems-chev"
                  fill="none"
                  height="14"
                  stroke="currentColor"
                  stroke-width="2.4"
                  viewBox="0 0 24 24"
                  width="14"
                >
                  <path
                    d="M9 18l6-6-6-6"
                  />
                </svg>
              </div>
              <div
                class="oitems-detail"
              >
                <div
                  class="oitems-li"
                >
                  <span
                    class="q"
                  >
                    1×
                  </span>
                  <span
                    class="nm"
                  >
                    Idli
                  </span>
                </div>
              </div>
              <button
                class="items-list-btn"
              >
                Items List
              </button>
            </div>
          </div>
          <div
            class="cell"
          >
            <span
              class="cell-label"
            >
              Status
            </span>
            <button
              class="pill delivered "
              type="button"
            >
              <span
                class="pill-dot"
              />
              Served
            </button>
          </div>
          <div
            class="cell otime"
          >
            <span
              class="cell-label"
            >
              Time
            </span>
            12:00 PM
          </div>
        </div>
      </div>
      <div
        class="listfoot"
      >
        <span
          class="live"
        >
          <span
            class="live-dot"
          />
          Live
        </span>
        <span>
          Showing 2 of 2 orders · auto-prunes after 24h
        </span>
      </div>
    </div>
    <div
      data-testid="manual-order-modal"
    >
      <button>
        x
      </button>
    </div>
  </div>
</DocumentFragment>
`;
