// Vitest Snapshot v1, https://vitest.dev/guide/snapshot.html

exports[`NotificationPage > matches the snapshot with no activities 1`] = `
<DocumentFragment>
  <div
    class="notification-page"
  >
    <h1
      class="page-title"
    >
      Notifications
    </h1>
    <div
      class="tab-bar"
    >
      <button
        class="tab-button active"
      >
        📋 Recent Activities
      </button>
      <button
        class="tab-button "
      >
        📦 Queued Orders
      </button>
      <button
        class="tab-button "
      >
        ⭐ Feedback
      </button>
    </div>
    <div
      class="tab-content-area"
    >
      <div
        class="empty-state"
      >
        No recent activities
      </div>
    </div>
  </div>
</DocumentFragment>
`;
