// Vitest Snapshot v1, https://vitest.dev/guide/snapshot.html

exports[`Header > matches the snapshot 1`] = `
<DocumentFragment>
  <div
    class="header-bar"
  >
    <img
      alt="OrderIn"
      class="orderin-logo-header"
      src="/OrderIn.png"
    />
    <div
      class="table-number"
    >
      Table 7
    </div>
    <svg
      class="menu-icon"
      fill="none"
      height="24"
      viewBox="0 0 24 24"
      width="24"
      xmlns="http://www.w3.org/2000/svg"
    >
      <path
        d="M3 12H21M3 6H21M3 18H21"
        stroke="currentColor"
        stroke-linecap="round"
        stroke-linejoin="round"
        stroke-width="2"
      />
    </svg>
  </div>
  <div
    class="side-menu "
  >
    <div
      class="side-menu-content"
    >
      <div
        class="menu-item"
      >
        About OrderIn
      </div>
      <div
        class="menu-item"
      >
        About Restaurant
      </div>
      <div
        class="menu-item"
      >
        Help
      </div>
      <div
        class="menu-item logout-item"
      >
        <svg
          aria-hidden="true"
          class="lucide lucide-log-out"
          fill="none"
          height="18"
          stroke="currentColor"
          stroke-linecap="round"
          stroke-linejoin="round"
          stroke-width="2"
          viewBox="0 0 24 24"
          width="18"
          xmlns="http://www.w3.org/2000/svg"
        >
          <path
            d="m16 17 5-5-5-5"
          />
          <path
            d="M21 12H9"
          />
          <path
            d="M9 21H5a2 2 0 0 1-2-2V5a2 2 0 0 1 2-2h4"
          />
        </svg>
         Logout
      </div>
    </div>
  </div>
</DocumentFragment>
`;
